current directory: /Users/siya/Documents/GitHub/kailashhambarde.github.io/vendor/bundle/ruby/4.0.0/gems/ffi-1.17.3/ext/ffi_c
/opt/homebrew/opt/ruby/bin/ruby extconf.rb
checking for pkg-config for libffi... ["-I/Library/Developer/CommandLineTools/SDKs/MacOSX26.sdk/usr/include/ffi ", "", "-lffi"]
checking for ffi_prep_closure_loc() in -lffi... yes
checking for ffi_prep_cif_var()... yes
checking for ffi_raw_call()... yes
checking for ffi_prep_raw_closure()... yes
checking for rb_gc_mark_movable()... yes
checking for whether -pthread is accepted as LDFLAGS... yes
creating extconf.h
creating Makefile

current directory: /Users/siya/Documents/GitHub/kailashhambarde.github.io/vendor/bundle/ruby/4.0.0/gems/ffi-1.17.3/ext/ffi_c
make -j11 DESTDIR\= sitearchdir\=./.gem.20260514-14575-2hdau sitelibdir\=./.gem.20260514-14575-2hdau clean

current directory: /Users/siya/Documents/GitHub/kailashhambarde.github.io/vendor/bundle/ruby/4.0.0/gems/ffi-1.17.3/ext/ffi_c
make -j11 DESTDIR\= sitearchdir\=./.gem.20260514-14575-2hdau sitelibdir\=./.gem.20260514-14575-2hdau
compiling AbstractMemory.c
compiling ArrayType.c
compiling Buffer.c
compiling Call.c
compiling ClosurePool.c
compiling DynamicLibrary.c
compiling Function.c
compiling FunctionInfo.c
compiling LastError.c
compiling LongDouble.c
compiling MappedType.c
compiling MemoryPointer.c
compiling MethodHandle.c
compiling Platform.c
compiling Pointer.c
compiling Struct.c
compiling StructByValue.c
compiling StructLayout.c
compiling Thread.c
compiling Type.c
compiling Types.c
compiling Variadic.c
compiling ffi.c
linking shared-object ffi_c.bundle
ld: warning: ignoring duplicate libraries: '-lffi'

current directory: /Users/siya/Documents/GitHub/kailashhambarde.github.io/vendor/bundle/ruby/4.0.0/gems/ffi-1.17.3/ext/ffi_c
make -j11 DESTDIR\= sitearchdir\=./.gem.20260514-14575-2hdau sitelibdir\=./.gem.20260514-14575-2hdau install
/usr/bin/install -c -m 0755 ffi_c.bundle ./.gem.20260514-14575-2hdau

current directory: /Users/siya/Documents/GitHub/kailashhambarde.github.io/vendor/bundle/ruby/4.0.0/gems/ffi-1.17.3/ext/ffi_c
make DESTDIR\= sitearchdir\=./.gem.20260514-14575-2hdau sitelibdir\=./.gem.20260514-14575-2hdau clean
